[2026-06-06 19:07:24.804] [INIT].... → Crawl4AI 0.8.7 
[2026-06-06 19:07:28.920] [FETCH]... ↓ https://yandex.ru/maps/213/moscow/?ll=37.617700,...товых, 1, Москва~55.764323,37.556119&rtt=mt&z=10  | ✓ | ⏱: 4.06s 
[2026-06-06 19:07:29.055] [SCRAPE].. ◆ https://yandex.ru/maps/213/moscow/?ll=37.617700,...товых, 1, Москва~55.764323,37.556119&rtt=mt&z=10  | ✓ | ⏱: 0.13s 
[2026-06-06 19:07:29.182] [COMPLETE] ● https://yandex.ru/maps/213/moscow/?ll=37.617700,...товых, 1, Москва~55.764323,37.556119&rtt=mt&z=10  | ✓ | ⏱: 4.33s 
[2026-06-06 19:07:32.529] [FETCH]... ↓ https://yandex.ru/maps/213/moscow/?ll=37.617700,...товых, 1, Москва~55.661195,37.508398&rtt=mt&z=10  | ✓ | ⏱: 2.99s 
[2026-06-06 19:07:32.617] [SCRAPE].. ◆ https://yandex.ru/maps/213/moscow/?ll=37.617700,...товых, 1, Москва~55.661195,37.508398&rtt=mt&z=10  | ✓ | ⏱: 0.08s 
[2026-06-06 19:07:32.710] [COMPLETE] ● https://yandex.ru/maps/213/moscow/?ll=37.617700,...товых, 1, Москва~55.661195,37.508398&rtt=mt&z=10  | ✓ | ⏱: 3.17s 
[2026-06-06 19:07:35.733] [FETCH]... ↓ https://yandex.ru/maps/213/moscow/?ll=37.617700,...л., 2/32, Москва~55.764323,37.556119&rtt=mt&z=10  | ✓ | ⏱: 2.72s 
[2026-06-06 19:07:35.794] [SCRAPE].. ◆ https://yandex.ru/maps/213/moscow/?ll=37.617700,...л., 2/32, Москва~55.764323,37.556119&rtt=mt&z=10  | ✓ | ⏱: 0.06s 
[2026-06-06 19:07:35.872] [COMPLETE] ● https://yandex.ru/maps/213/moscow/?ll=37.617700,...л., 2/32, Москва~55.764323,37.556119&rtt=mt&z=10  | ✓ | ⏱: 2.86s 
[2026-06-06 19:07:39.201] [FETCH]... ↓ https://yandex.ru/maps/213/moscow/?ll=37.617700,...л., 2/32, Москва~55.661195,37.508398&rtt=mt&z=10  | ✓ | ⏱: 3.03s 
[2026-06-06 19:07:39.296] [SCRAPE].. ◆ https://yandex.ru/maps/213/moscow/?ll=37.617700,...л., 2/32, Москва~55.661195,37.508398&rtt=mt&z=10  | ✓ | ⏱: 0.09s 
[2026-06-06 19:07:39.396] [COMPLETE] ● https://yandex.ru/maps/213/moscow/?ll=37.617700,...л., 2/32, Москва~55.661195,37.508398&rtt=mt&z=10  | ✓ | ⏱: 3.22s 
[2026-06-06 19:07:42.482] [FETCH]... ↓ https://yandex.ru/maps/213/moscow/?ll=37.617700,...., 15/10, Москва~55.764323,37.556119&rtt=mt&z=10  | ✓ | ⏱: 2.79s 
[2026-06-06 19:07:42.552] [SCRAPE].. ◆ https://yandex.ru/maps/213/moscow/?ll=37.617700,...., 15/10, Москва~55.764323,37.556119&rtt=mt&z=10  | ✓ | ⏱: 0.06s 
[2026-06-06 19:07:42.661] [COMPLETE] ● https://yandex.ru/maps/213/moscow/?ll=37.617700,...., 15/10, Москва~55.764323,37.556119&rtt=mt&z=10  | ✓ | ⏱: 2.97s 
[2026-06-06 19:07:45.677] [FETCH]... ↓ https://yandex.ru/maps/213/moscow/?ll=37.617700,...., 15/10, Москва~55.661195,37.508398&rtt=mt&z=10  | ✓ | ⏱: 2.72s 
[2026-06-06 19:07:45.766] [SCRAPE].. ◆ https://yandex.ru/maps/213/moscow/?ll=37.617700,...., 15/10, Москва~55.661195,37.508398&rtt=mt&z=10  | ✓ | ⏱: 0.08s 
[2026-06-06 19:07:45.888] [COMPLETE] ● https://yandex.ru/maps/213/moscow/?ll=37.617700,...., 15/10, Москва~55.661195,37.508398&rtt=mt&z=10  | ✓ | ⏱: 2.93s 
[2026-06-06 19:07:48.912] [FETCH]... ↓ https://yandex.ru/maps/213/moscow/?ll=37.617700,...кинская,, Москва~55.764323,37.556119&rtt=mt&z=10  | ✓ | ⏱: 2.74s 
[2026-06-06 19:07:48.990] [SCRAPE].. ◆ https://yandex.ru/maps/213/moscow/?ll=37.617700,...кинская,, Москва~55.764323,37.556119&rtt=mt&z=10  | ✓ | ⏱: 0.07s 
[2026-06-06 19:07:49.085] [COMPLETE] ● https://yandex.ru/maps/213/moscow/?ll=37.617700,...кинская,, Москва~55.764323,37.556119&rtt=mt&z=10  | ✓ | ⏱: 2.91s 
[2026-06-06 19:07:52.076] [FETCH]... ↓ https://yandex.ru/maps/213/moscow/?ll=37.617700,...кинская,, Москва~55.661195,37.508398&rtt=mt&z=10  | ✓ | ⏱: 2.70s 
[2026-06-06 19:07:52.130] [SCRAPE].. ◆ https://yandex.ru/maps/213/moscow/?ll=37.617700,...кинская,, Москва~55.661195,37.508398&rtt=mt&z=10  | ✓ | ⏱: 0.05s 
[2026-06-06 19:07:52.222] [COMPLETE] ● https://yandex.ru/maps/213/moscow/?ll=37.617700,...кинская,, Москва~55.661195,37.508398&rtt=mt&z=10  | ✓ | ⏱: 2.84s 
[2026-06-06 19:07:56.041] [FETCH]... ↓ https://yandex.ru/maps/213/moscow/?ll=37.617700,... ул., 34, Москва~55.764323,37.556119&rtt=mt&z=10  | ✓ | ⏱: 3.53s 
[2026-06-06 19:07:56.092] [SCRAPE].. ◆ https://yandex.ru/maps/213/moscow/?ll=37.617700,... ул., 34, Москва~55.764323,37.556119&rtt=mt&z=10  | ✓ | ⏱: 0.05s 
[2026-06-06 19:07:56.147] [COMPLETE] ● https://yandex.ru/maps/213/moscow/?ll=37.617700,... ул., 34, Москва~55.764323,37.556119&rtt=mt&z=10  | ✓ | ⏱: 3.64s 
[2026-06-06 19:07:59.325] [FETCH]... ↓ https://yandex.ru/maps/213/moscow/?ll=37.617700,... ул., 34, Москва~55.661195,37.508398&rtt=mt&z=10  | ✓ | ⏱: 2.90s 
[2026-06-06 19:07:59.400] [SCRAPE].. ◆ https://yandex.ru/maps/213/moscow/?ll=37.617700,... ул., 34, Москва~55.661195,37.508398&rtt=mt&z=10  | ✓ | ⏱: 0.07s 
[2026-06-06 19:07:59.491] [COMPLETE] ● https://yandex.ru/maps/213/moscow/?ll=37.617700,... ул., 34, Москва~55.661195,37.508398&rtt=mt&z=10  | ✓ | ⏱: 3.07s 
[2026-06-06 19:08:02.604] [FETCH]... ↓ https://yandex.ru/maps/213/moscow/?ll=37.617700,...я ул., 3, Москва~55.764323,37.556119&rtt=mt&z=10  | ✓ | ⏱: 2.80s 
[2026-06-06 19:08:02.681] [SCRAPE].. ◆ https://yandex.ru/maps/213/moscow/?ll=37.617700,...я ул., 3, Москва~55.764323,37.556119&rtt=mt&z=10  | ✓ | ⏱: 0.07s 
[2026-06-06 19:08:02.778] [COMPLETE] ● https://yandex.ru/maps/213/moscow/?ll=37.617700,...я ул., 3, Москва~55.764323,37.556119&rtt=mt&z=10  | ✓ | ⏱: 2.99s 
[2026-06-06 19:08:06.096] [FETCH]... ↓ https://yandex.ru/maps/213/moscow/?ll=37.617700,...я ул., 3, Москва~55.661195,37.508398&rtt=mt&z=10  | ✓ | ⏱: 2.99s 
[2026-06-06 19:08:06.148] [SCRAPE].. ◆ https://yandex.ru/maps/213/moscow/?ll=37.617700,...я ул., 3, Москва~55.661195,37.508398&rtt=mt&z=10  | ✓ | ⏱: 0.05s 
[2026-06-06 19:08:06.199] [COMPLETE] ● https://yandex.ru/maps/213/moscow/?ll=37.617700,...я ул., 3, Москва~55.661195,37.508398&rtt=mt&z=10  | ✓ | ⏱: 3.09s 
[2026-06-06 19:08:07.833] [ERROR]... × Error closing context: BrowserContext.close: Target page, context or browser has been closed 
[2026-06-06 19:14:19.608] [INIT].... → Crawl4AI 0.8.7 
[2026-06-06 19:14:24.108] [FETCH]... ↓ https://yandex.ru/maps/213/moscow/?ll=37.617700,... б-р, 12, Москва~55.764323,37.556119&rtt=mt&z=10  | ✓ | ⏱: 4.45s 
[2026-06-06 19:14:24.164] [SCRAPE].. ◆ https://yandex.ru/maps/213/moscow/?ll=37.617700,... б-р, 12, Москва~55.764323,37.556119&rtt=mt&z=10  | ✓ | ⏱: 0.05s 
[2026-06-06 19:14:24.217] [COMPLETE] ● https://yandex.ru/maps/213/moscow/?ll=37.617700,... б-р, 12, Москва~55.764323,37.556119&rtt=mt&z=10  | ✓ | ⏱: 4.56s 
[2026-06-06 19:14:27.128] [FETCH]... ↓ https://yandex.ru/maps/213/moscow/?ll=37.617700,... б-р, 12, Москва~55.661195,37.508398&rtt=mt&z=10  | ✓ | ⏱: 2.63s 
[2026-06-06 19:14:27.181] [SCRAPE].. ◆ https://yandex.ru/maps/213/moscow/?ll=37.617700,... б-р, 12, Москва~55.661195,37.508398&rtt=mt&z=10  | ✓ | ⏱: 0.05s 
[2026-06-06 19:14:27.231] [COMPLETE] ● https://yandex.ru/maps/213/moscow/?ll=37.617700,... б-р, 12, Москва~55.661195,37.508398&rtt=mt&z=10  | ✓ | ⏱: 2.73s 
[2026-06-06 19:14:30.330] [FETCH]... ↓ https://yandex.ru/maps/213/moscow/?ll=37.617700,...я ул., 4, Москва~55.764323,37.556119&rtt=mt&z=10  | ✓ | ⏱: 2.83s 
[2026-06-06 19:14:30.380] [SCRAPE].. ◆ https://yandex.ru/maps/213/moscow/?ll=37.617700,...я ул., 4, Москва~55.764323,37.556119&rtt=mt&z=10  | ✓ | ⏱: 0.05s 
[2026-06-06 19:14:30.437] [COMPLETE] ● https://yandex.ru/maps/213/moscow/?ll=37.617700,...я ул., 4, Москва~55.764323,37.556119&rtt=mt&z=10  | ✓ | ⏱: 2.93s 
[2026-06-06 19:14:33.574] [FETCH]... ↓ https://yandex.ru/maps/213/moscow/?ll=37.617700,...я ул., 4, Москва~55.661195,37.508398&rtt=mt&z=10  | ✓ | ⏱: 2.85s 
[2026-06-06 19:14:33.637] [SCRAPE].. ◆ https://yandex.ru/maps/213/moscow/?ll=37.617700,...я ул., 4, Москва~55.661195,37.508398&rtt=mt&z=10  | ✓ | ⏱: 0.06s 
[2026-06-06 19:14:33.701] [COMPLETE] ● https://yandex.ru/maps/213/moscow/?ll=37.617700,...я ул., 4, Москва~55.661195,37.508398&rtt=mt&z=10  | ✓ | ⏱: 2.98s 
[2026-06-06 19:14:36.823] [FETCH]... ↓ https://yandex.ru/maps/213/moscow/?ll=37.617700,... ул., 23, Москва~55.764323,37.556119&rtt=mt&z=10  | ✓ | ⏱: 2.85s 
[2026-06-06 19:14:36.882] [SCRAPE].. ◆ https://yandex.ru/maps/213/moscow/?ll=37.617700,... ул., 23, Москва~55.764323,37.556119&rtt=mt&z=10  | ✓ | ⏱: 0.06s 
[2026-06-06 19:14:36.945] [COMPLETE] ● https://yandex.ru/maps/213/moscow/?ll=37.617700,... ул., 23, Москва~55.764323,37.556119&rtt=mt&z=10  | ✓ | ⏱: 2.97s 
[2026-06-06 19:14:40.045] [FETCH]... ↓ https://yandex.ru/maps/213/moscow/?ll=37.617700,... ул., 23, Москва~55.661195,37.508398&rtt=mt&z=10  | ✓ | ⏱: 2.82s 
[2026-06-06 19:14:40.096] [SCRAPE].. ◆ https://yandex.ru/maps/213/moscow/?ll=37.617700,... ул., 23, Москва~55.661195,37.508398&rtt=mt&z=10  | ✓ | ⏱: 0.05s 
[2026-06-06 19:14:40.145] [COMPLETE] ● https://yandex.ru/maps/213/moscow/?ll=37.617700,... ул., 23, Москва~55.661195,37.508398&rtt=mt&z=10  | ✓ | ⏱: 2.92s 
[2026-06-06 19:14:43.227] [FETCH]... ↓ https://yandex.ru/maps/213/moscow/?ll=37.617700,...Роща, 24, Москва~55.764323,37.556119&rtt=mt&z=10  | ✓ | ⏱: 2.80s 
[2026-06-06 19:14:43.284] [SCRAPE].. ◆ https://yandex.ru/maps/213/moscow/?ll=37.617700,...Роща, 24, Москва~55.764323,37.556119&rtt=mt&z=10  | ✓ | ⏱: 0.06s 
[2026-06-06 19:14:43.335] [COMPLETE] ● https://yandex.ru/maps/213/moscow/?ll=37.617700,...Роща, 24, Москва~55.764323,37.556119&rtt=mt&z=10  | ✓ | ⏱: 2.91s 
[2026-06-06 19:14:46.261] [FETCH]... ↓ https://yandex.ru/maps/213/moscow/?ll=37.617700,...Роща, 24, Москва~55.661195,37.508398&rtt=mt&z=10  | ✓ | ⏱: 2.65s 
[2026-06-06 19:14:46.315] [SCRAPE].. ◆ https://yandex.ru/maps/213/moscow/?ll=37.617700,...Роща, 24, Москва~55.661195,37.508398&rtt=mt&z=10  | ✓ | ⏱: 0.05s 
[2026-06-06 19:14:46.369] [COMPLETE] ● https://yandex.ru/maps/213/moscow/?ll=37.617700,...Роща, 24, Москва~55.661195,37.508398&rtt=mt&z=10  | ✓ | ⏱: 2.76s 
[2026-06-06 19:14:49.272] [FETCH]... ↓ https://yandex.ru/maps/213/moscow/?ll=37.617700,...полье, 6, Москва~55.764323,37.556119&rtt=mt&z=10  | ✓ | ⏱: 2.62s 
[2026-06-06 19:14:49.321] [SCRAPE].. ◆ https://yandex.ru/maps/213/moscow/?ll=37.617700,...полье, 6, Москва~55.764323,37.556119&rtt=mt&z=10  | ✓ | ⏱: 0.05s 
[2026-06-06 19:14:49.372] [COMPLETE] ● https://yandex.ru/maps/213/moscow/?ll=37.617700,...полье, 6, Москва~55.764323,37.556119&rtt=mt&z=10  | ✓ | ⏱: 2.73s 
[2026-06-06 19:14:52.096] [FETCH]... ↓ https://yandex.ru/maps/213/moscow/?ll=37.617700,...полье, 6, Москва~55.661195,37.508398&rtt=mt&z=10  | ✓ | ⏱: 2.45s 
[2026-06-06 19:14:52.147] [SCRAPE].. ◆ https://yandex.ru/maps/213/moscow/?ll=37.617700,...полье, 6, Москва~55.661195,37.508398&rtt=mt&z=10  | ✓ | ⏱: 0.05s 
[2026-06-06 19:14:52.207] [COMPLETE] ● https://yandex.ru/maps/213/moscow/?ll=37.617700,...полье, 6, Москва~55.661195,37.508398&rtt=mt&z=10  | ✓ | ⏱: 2.56s 
[2026-06-06 19:14:55.270] [FETCH]... ↓ https://yandex.ru/maps/213/moscow/?ll=37.617700,...я ул., 4, Москва~55.764323,37.556119&rtt=mt&z=10  | ✓ | ⏱: 2.79s 
[2026-06-06 19:14:55.343] [SCRAPE].. ◆ https://yandex.ru/maps/213/moscow/?ll=37.617700,...я ул., 4, Москва~55.764323,37.556119&rtt=mt&z=10  | ✓ | ⏱: 0.07s 
[2026-06-06 19:14:55.397] [COMPLETE] ● https://yandex.ru/maps/213/moscow/?ll=37.617700,...я ул., 4, Москва~55.764323,37.556119&rtt=mt&z=10  | ✓ | ⏱: 2.92s 
[2026-06-06 19:14:58.441] [FETCH]... ↓ https://yandex.ru/maps/213/moscow/?ll=37.617700,...я ул., 4, Москва~55.661195,37.508398&rtt=mt&z=10  | ✓ | ⏱: 2.75s 
[2026-06-06 19:14:58.491] [SCRAPE].. ◆ https://yandex.ru/maps/213/moscow/?ll=37.617700,...я ул., 4, Москва~55.661195,37.508398&rtt=mt&z=10  | ✓ | ⏱: 0.05s 
[2026-06-06 19:14:58.543] [COMPLETE] ● https://yandex.ru/maps/213/moscow/?ll=37.617700,...я ул., 4, Москва~55.661195,37.508398&rtt=mt&z=10  | ✓ | ⏱: 2.86s 
[2026-06-06 19:15:02.360] [FETCH]... ↓ https://yandex.ru/maps/213/moscow/?ll=37.617700,... ш., 280, Москва~55.764323,37.556119&rtt=mt&z=10  | ✓ | ⏱: 3.55s 
[2026-06-06 19:15:02.427] [SCRAPE].. ◆ https://yandex.ru/maps/213/moscow/?ll=37.617700,... ш., 280, Москва~55.764323,37.556119&rtt=mt&z=10  | ✓ | ⏱: 0.07s 
[2026-06-06 19:15:02.481] [COMPLETE] ● https://yandex.ru/maps/213/moscow/?ll=37.617700,... ш., 280, Москва~55.764323,37.556119&rtt=mt&z=10  | ✓ | ⏱: 3.67s 
[2026-06-06 19:15:05.813] [FETCH]... ↓ https://yandex.ru/maps/213/moscow/?ll=37.617700,... ш., 280, Москва~55.661195,37.508398&rtt=mt&z=10  | ✓ | ⏱: 3.06s 
[2026-06-06 19:15:05.886] [SCRAPE].. ◆ https://yandex.ru/maps/213/moscow/?ll=37.617700,... ш., 280, Москва~55.661195,37.508398&rtt=mt&z=10  | ✓ | ⏱: 0.07s 
[2026-06-06 19:15:05.941] [COMPLETE] ● https://yandex.ru/maps/213/moscow/?ll=37.617700,... ш., 280, Москва~55.661195,37.508398&rtt=mt&z=10  | ✓ | ⏱: 3.19s 
[2026-06-06 19:15:08.898] [FETCH]... ↓ https://yandex.ru/maps/213/moscow/?ll=37.617700,... ш., 228, Москва~55.764323,37.556119&rtt=mt&z=10  | ✓ | ⏱: 2.67s 
[2026-06-06 19:15:08.947] [SCRAPE].. ◆ https://yandex.ru/maps/213/moscow/?ll=37.617700,... ш., 228, Москва~55.764323,37.556119&rtt=mt&z=10  | ✓ | ⏱: 0.05s 
[2026-06-06 19:15:08.997] [COMPLETE] ● https://yandex.ru/maps/213/moscow/?ll=37.617700,... ш., 228, Москва~55.764323,37.556119&rtt=mt&z=10  | ✓ | ⏱: 2.77s 
[2026-06-06 19:15:12.172] [FETCH]... ↓ https://yandex.ru/maps/213/moscow/?ll=37.617700,... ш., 228, Москва~55.661195,37.508398&rtt=mt&z=10  | ✓ | ⏱: 2.89s 
[2026-06-06 19:15:12.224] [SCRAPE].. ◆ https://yandex.ru/maps/213/moscow/?ll=37.617700,... ш., 228, Москва~55.661195,37.508398&rtt=mt&z=10  | ✓ | ⏱: 0.05s 
[2026-06-06 19:15:12.275] [COMPLETE] ● https://yandex.ru/maps/213/moscow/?ll=37.617700,... ш., 228, Москва~55.661195,37.508398&rtt=mt&z=10  | ✓ | ⏱: 3.00s 
[2026-06-06 19:15:15.063] [FETCH]... ↓ https://yandex.ru/maps/213/moscow/?ll=37.617700,...пр-т, 85, Москва~55.764323,37.556119&rtt=mt&z=10  | ✓ | ⏱: 2.51s 
[2026-06-06 19:15:15.119] [SCRAPE].. ◆ https://yandex.ru/maps/213/moscow/?ll=37.617700,...пр-т, 85, Москва~55.764323,37.556119&rtt=mt&z=10  | ✓ | ⏱: 0.05s 
[2026-06-06 19:15:15.175] [COMPLETE] ● https://yandex.ru/maps/213/moscow/?ll=37.617700,...пр-т, 85, Москва~55.764323,37.556119&rtt=mt&z=10  | ✓ | ⏱: 2.62s 
[2026-06-06 19:15:17.905] [FETCH]... ↓ https://yandex.ru/maps/213/moscow/?ll=37.617700,...пр-т, 85, Москва~55.661195,37.508398&rtt=mt&z=10  | ✓ | ⏱: 2.45s 
[2026-06-06 19:15:17.943] [SCRAPE].. ◆ https://yandex.ru/maps/213/moscow/?ll=37.617700,...пр-т, 85, Москва~55.661195,37.508398&rtt=mt&z=10  | ✓ | ⏱: 0.04s 
[2026-06-06 19:15:18.005] [COMPLETE] ● https://yandex.ru/maps/213/moscow/?ll=37.617700,...пр-т, 85, Москва~55.661195,37.508398&rtt=mt&z=10  | ✓ | ⏱: 2.55s 
[2026-06-06 19:15:21.317] [FETCH]... ↓ https://yandex.ru/maps/213/moscow/?ll=37.617700,...е ш., 32, Москва~55.764323,37.556119&rtt=mt&z=10  | ✓ | ⏱: 3.04s 
[2026-06-06 19:15:21.370] [SCRAPE].. ◆ https://yandex.ru/maps/213/moscow/?ll=37.617700,...е ш., 32, Москва~55.764323,37.556119&rtt=mt&z=10  | ✓ | ⏱: 0.05s 
[2026-06-06 19:15:21.422] [COMPLETE] ● https://yandex.ru/maps/213/moscow/?ll=37.617700,...е ш., 32, Москва~55.764323,37.556119&rtt=mt&z=10  | ✓ | ⏱: 3.14s 
[2026-06-06 19:15:24.380] [FETCH]... ↓ https://yandex.ru/maps/213/moscow/?ll=37.617700,...е ш., 32, Москва~55.661195,37.508398&rtt=mt&z=10  | ✓ | ⏱: 2.68s 
[2026-06-06 19:15:24.475] [SCRAPE].. ◆ https://yandex.ru/maps/213/moscow/?ll=37.617700,...е ш., 32, Москва~55.661195,37.508398&rtt=mt&z=10  | ✓ | ⏱: 0.09s 
[2026-06-06 19:15:24.534] [COMPLETE] ● https://yandex.ru/maps/213/moscow/?ll=37.617700,...е ш., 32, Москва~55.661195,37.508398&rtt=mt&z=10  | ✓ | ⏱: 2.84s 
[2026-06-06 19:15:27.674] [FETCH]... ↓ https://yandex.ru/maps/213/moscow/?ll=37.617700,... ул., 41, Москва~55.764323,37.556119&rtt=mt&z=10  | ✓ | ⏱: 2.85s 
[2026-06-06 19:15:27.727] [SCRAPE].. ◆ https://yandex.ru/maps/213/moscow/?ll=37.617700,... ул., 41, Москва~55.764323,37.556119&rtt=mt&z=10  | ✓ | ⏱: 0.05s 
[2026-06-06 19:15:27.780] [COMPLETE] ● https://yandex.ru/maps/213/moscow/?ll=37.617700,... ул., 41, Москва~55.764323,37.556119&rtt=mt&z=10  | ✓ | ⏱: 2.96s 
[2026-06-06 19:15:30.676] [FETCH]... ↓ https://yandex.ru/maps/213/moscow/?ll=37.617700,... ул., 41, Москва~55.661195,37.508398&rtt=mt&z=10  | ✓ | ⏱: 2.62s 
[2026-06-06 19:15:30.725] [SCRAPE].. ◆ https://yandex.ru/maps/213/moscow/?ll=37.617700,... ул., 41, Москва~55.661195,37.508398&rtt=mt&z=10  | ✓ | ⏱: 0.05s 
[2026-06-06 19:15:30.791] [COMPLETE] ● https://yandex.ru/maps/213/moscow/?ll=37.617700,... ул., 41, Москва~55.661195,37.508398&rtt=mt&z=10  | ✓ | ⏱: 2.74s 
[2026-06-06 19:15:33.651] [FETCH]... ↓ https://yandex.ru/maps/213/moscow/?ll=37.617700,... ул., 15, Москва~55.764323,37.556119&rtt=mt&z=10  | ✓ | ⏱: 2.59s 
[2026-06-06 19:15:33.715] [SCRAPE].. ◆ https://yandex.ru/maps/213/moscow/?ll=37.617700,... ул., 15, Москва~55.764323,37.556119&rtt=mt&z=10  | ✓ | ⏱: 0.06s 
[2026-06-06 19:15:33.784] [COMPLETE] ● https://yandex.ru/maps/213/moscow/?ll=37.617700,... ул., 15, Москва~55.764323,37.556119&rtt=mt&z=10  | ✓ | ⏱: 2.72s 
[2026-06-06 19:15:36.821] [FETCH]... ↓ https://yandex.ru/maps/213/moscow/?ll=37.617700,... ул., 15, Москва~55.661195,37.508398&rtt=mt&z=10  | ✓ | ⏱: 2.75s 
[2026-06-06 19:15:36.872] [SCRAPE].. ◆ https://yandex.ru/maps/213/moscow/?ll=37.617700,... ул., 15, Москва~55.661195,37.508398&rtt=mt&z=10  | ✓ | ⏱: 0.05s 
[2026-06-06 19:15:36.925] [COMPLETE] ● https://yandex.ru/maps/213/moscow/?ll=37.617700,... ул., 15, Москва~55.661195,37.508398&rtt=mt&z=10  | ✓ | ⏱: 2.86s 
[2026-06-06 19:15:39.845] [FETCH]... ↓ https://yandex.ru/maps/213/moscow/?ll=37.617700,.... Рузино, Москва~55.764323,37.556119&rtt=mt&z=10  | ✓ | ⏱: 2.64s 
[2026-06-06 19:15:39.905] [SCRAPE].. ◆ https://yandex.ru/maps/213/moscow/?ll=37.617700,.... Рузино, Москва~55.764323,37.556119&rtt=mt&z=10  | ✓ | ⏱: 0.06s 
[2026-06-06 19:15:39.959] [COMPLETE] ● https://yandex.ru/maps/213/moscow/?ll=37.617700,.... Рузино, Москва~55.764323,37.556119&rtt=mt&z=10  | ✓ | ⏱: 2.76s 
[2026-06-06 19:15:43.518] [FETCH]... ↓ https://yandex.ru/maps/213/moscow/?ll=37.617700,.... Рузино, Москва~55.661195,37.508398&rtt=mt&z=10  | ✓ | ⏱: 3.28s 
[2026-06-06 19:15:43.609] [SCRAPE].. ◆ https://yandex.ru/maps/213/moscow/?ll=37.617700,.... Рузино, Москва~55.661195,37.508398&rtt=mt&z=10  | ✓ | ⏱: 0.09s 
[2026-06-06 19:15:43.677] [COMPLETE] ● https://yandex.ru/maps/213/moscow/?ll=37.617700,.... Рузино, Москва~55.661195,37.508398&rtt=mt&z=10  | ✓ | ⏱: 3.44s 
[2026-06-06 19:15:46.580] [FETCH]... ↓ https://yandex.ru/maps/213/moscow/?ll=37.617700,... ул., 58, Москва~55.764323,37.556119&rtt=mt&z=10  | ✓ | ⏱: 2.61s 
[2026-06-06 19:15:46.617] [SCRAPE].. ◆ https://yandex.ru/maps/213/moscow/?ll=37.617700,... ул., 58, Москва~55.764323,37.556119&rtt=mt&z=10  | ✓ | ⏱: 0.03s 
[2026-06-06 19:15:46.664] [COMPLETE] ● https://yandex.ru/maps/213/moscow/?ll=37.617700,... ул., 58, Москва~55.764323,37.556119&rtt=mt&z=10  | ✓ | ⏱: 2.70s 
[2026-06-06 19:15:49.748] [FETCH]... ↓ https://yandex.ru/maps/213/moscow/?ll=37.617700,... ул., 58, Москва~55.661195,37.508398&rtt=mt&z=10  | ✓ | ⏱: 2.81s 
[2026-06-06 19:15:49.809] [SCRAPE].. ◆ https://yandex.ru/maps/213/moscow/?ll=37.617700,... ул., 58, Москва~55.661195,37.508398&rtt=mt&z=10  | ✓ | ⏱: 0.06s 
[2026-06-06 19:15:49.859] [COMPLETE] ● https://yandex.ru/maps/213/moscow/?ll=37.617700,... ул., 58, Москва~55.661195,37.508398&rtt=mt&z=10  | ✓ | ⏱: 2.92s 
[2026-06-06 19:15:52.924] [FETCH]... ↓ https://yandex.ru/maps/213/moscow/?ll=37.617700,... ул., 45, Москва~55.764323,37.556119&rtt=mt&z=10  | ✓ | ⏱: 2.79s 
[2026-06-06 19:15:52.969] [SCRAPE].. ◆ https://yandex.ru/maps/213/moscow/?ll=37.617700,... ул., 45, Москва~55.764323,37.556119&rtt=mt&z=10  | ✓ | ⏱: 0.04s 
[2026-06-06 19:15:53.018] [COMPLETE] ● https://yandex.ru/maps/213/moscow/?ll=37.617700,... ул., 45, Москва~55.764323,37.556119&rtt=mt&z=10  | ✓ | ⏱: 2.88s 
[2026-06-06 19:15:56.487] [FETCH]... ↓ https://yandex.ru/maps/213/moscow/?ll=37.617700,... ул., 45, Москва~55.661195,37.508398&rtt=mt&z=10  | ✓ | ⏱: 3.18s 
[2026-06-06 19:15:56.533] [SCRAPE].. ◆ https://yandex.ru/maps/213/moscow/?ll=37.617700,... ул., 45, Москва~55.661195,37.508398&rtt=mt&z=10  | ✓ | ⏱: 0.04s 
[2026-06-06 19:15:56.588] [COMPLETE] ● https://yandex.ru/maps/213/moscow/?ll=37.617700,... ул., 45, Москва~55.661195,37.508398&rtt=mt&z=10  | ✓ | ⏱: 3.28s 
[2026-06-06 19:15:59.553] [FETCH]... ↓ https://yandex.ru/maps/213/moscow/?ll=37.617700,...я ул., 4, Москва~55.764323,37.556119&rtt=mt&z=10  | ✓ | ⏱: 2.69s 
[2026-06-06 19:15:59.602] [SCRAPE].. ◆ https://yandex.ru/maps/213/moscow/?ll=37.617700,...я ул., 4, Москва~55.764323,37.556119&rtt=mt&z=10  | ✓ | ⏱: 0.05s 
[2026-06-06 19:15:59.652] [COMPLETE] ● https://yandex.ru/maps/213/moscow/?ll=37.617700,...я ул., 4, Москва~55.764323,37.556119&rtt=mt&z=10  | ✓ | ⏱: 2.79s 
[2026-06-06 19:16:02.820] [FETCH]... ↓ https://yandex.ru/maps/213/moscow/?ll=37.617700,...я ул., 4, Москва~55.661195,37.508398&rtt=mt&z=10  | ✓ | ⏱: 2.89s 
[2026-06-06 19:16:02.879] [SCRAPE].. ◆ https://yandex.ru/maps/213/moscow/?ll=37.617700,...я ул., 4, Москва~55.661195,37.508398&rtt=mt&z=10  | ✓ | ⏱: 0.06s 
[2026-06-06 19:16:02.932] [COMPLETE] ● https://yandex.ru/maps/213/moscow/?ll=37.617700,...я ул., 4, Москва~55.661195,37.508398&rtt=mt&z=10  | ✓ | ⏱: 3.00s 
[2026-06-06 19:40:32.269] [INIT].... → Crawl4AI 0.8.7 
[2026-06-06 19:40:38.264] [FETCH]... ↓ https://yandex.ru/maps/213/moscow/?ll=37.617700,... б-р, 12, Москва~55.764323,37.556119&rtt=mt&z=10  | ✓ | ⏱: 5.92s 
[2026-06-06 19:40:38.322] [SCRAPE].. ◆ https://yandex.ru/maps/213/moscow/?ll=37.617700,... б-р, 12, Москва~55.764323,37.556119&rtt=mt&z=10  | ✓ | ⏱: 0.06s 
[2026-06-06 19:40:38.416] [COMPLETE] ● https://yandex.ru/maps/213/moscow/?ll=37.617700,... б-р, 12, Москва~55.764323,37.556119&rtt=mt&z=10  | ✓ | ⏱: 6.07s 
[2026-06-06 19:40:41.359] [FETCH]... ↓ https://yandex.ru/maps/213/moscow/?ll=37.617700,... б-р, 12, Москва~55.661195,37.508398&rtt=mt&z=10  | ✓ | ⏱: 2.67s 
[2026-06-06 19:40:41.407] [SCRAPE].. ◆ https://yandex.ru/maps/213/moscow/?ll=37.617700,... б-р, 12, Москва~55.661195,37.508398&rtt=mt&z=10  | ✓ | ⏱: 0.04s 
[2026-06-06 19:40:41.456] [COMPLETE] ● https://yandex.ru/maps/213/moscow/?ll=37.617700,... б-р, 12, Москва~55.661195,37.508398&rtt=mt&z=10  | ✓ | ⏱: 2.77s 
[2026-06-06 19:40:44.506] [FETCH]... ↓ https://yandex.ru/maps/213/moscow/?ll=37.617700,...я ул., 4, Москва~55.764323,37.556119&rtt=mt&z=10  | ✓ | ⏱: 2.78s 
[2026-06-06 19:40:44.556] [SCRAPE].. ◆ https://yandex.ru/maps/213/moscow/?ll=37.617700,...я ул., 4, Москва~55.764323,37.556119&rtt=mt&z=10  | ✓ | ⏱: 0.05s 
[2026-06-06 19:40:44.609] [COMPLETE] ● https://yandex.ru/maps/213/moscow/?ll=37.617700,...я ул., 4, Москва~55.764323,37.556119&rtt=mt&z=10  | ✓ | ⏱: 2.88s 
[2026-06-06 19:40:47.734] [FETCH]... ↓ https://yandex.ru/maps/213/moscow/?ll=37.617700,...я ул., 4, Москва~55.661195,37.508398&rtt=mt&z=10  | ✓ | ⏱: 2.84s 
[2026-06-06 19:40:47.785] [SCRAPE].. ◆ https://yandex.ru/maps/213/moscow/?ll=37.617700,...я ул., 4, Москва~55.661195,37.508398&rtt=mt&z=10  | ✓ | ⏱: 0.05s 
[2026-06-06 19:40:47.836] [COMPLETE] ● https://yandex.ru/maps/213/moscow/?ll=37.617700,...я ул., 4, Москва~55.661195,37.508398&rtt=mt&z=10  | ✓ | ⏱: 2.94s 
[2026-06-06 19:40:50.903] [FETCH]... ↓ https://yandex.ru/maps/213/moscow/?ll=37.617700,... ул., 23, Москва~55.764323,37.556119&rtt=mt&z=10  | ✓ | ⏱: 2.78s 
[2026-06-06 19:40:50.959] [SCRAPE].. ◆ https://yandex.ru/maps/213/moscow/?ll=37.617700,... ул., 23, Москва~55.764323,37.556119&rtt=mt&z=10  | ✓ | ⏱: 0.05s 
[2026-06-06 19:40:51.010] [COMPLETE] ● https://yandex.ru/maps/213/moscow/?ll=37.617700,... ул., 23, Москва~55.764323,37.556119&rtt=mt&z=10  | ✓ | ⏱: 2.89s 
[2026-06-06 19:40:53.851] [FETCH]... ↓ https://yandex.ru/maps/213/moscow/?ll=37.617700,... ул., 23, Москва~55.661195,37.508398&rtt=mt&z=10  | ✓ | ⏱: 2.56s 
[2026-06-06 19:40:53.910] [SCRAPE].. ◆ https://yandex.ru/maps/213/moscow/?ll=37.617700,... ул., 23, Москва~55.661195,37.508398&rtt=mt&z=10  | ✓ | ⏱: 0.06s 
[2026-06-06 19:40:53.980] [COMPLETE] ● https://yandex.ru/maps/213/moscow/?ll=37.617700,... ул., 23, Москва~55.661195,37.508398&rtt=mt&z=10  | ✓ | ⏱: 2.68s 
[2026-06-06 19:40:57.115] [FETCH]... ↓ https://yandex.ru/maps/213/moscow/?ll=37.617700,...Роща, 24, Москва~55.764323,37.556119&rtt=mt&z=10  | ✓ | ⏱: 2.85s 
[2026-06-06 19:40:57.178] [SCRAPE].. ◆ https://yandex.ru/maps/213/moscow/?ll=37.617700,...Роща, 24, Москва~55.764323,37.556119&rtt=mt&z=10  | ✓ | ⏱: 0.06s 
[2026-06-06 19:40:57.230] [COMPLETE] ● https://yandex.ru/maps/213/moscow/?ll=37.617700,...Роща, 24, Москва~55.764323,37.556119&rtt=mt&z=10  | ✓ | ⏱: 2.97s 
[2026-06-06 19:41:00.048] [FETCH]... ↓ https://yandex.ru/maps/213/moscow/?ll=37.617700,...Роща, 24, Москва~55.661195,37.508398&rtt=mt&z=10  | ✓ | ⏱: 2.54s 
[2026-06-06 19:41:00.096] [SCRAPE].. ◆ https://yandex.ru/maps/213/moscow/?ll=37.617700,...Роща, 24, Москва~55.661195,37.508398&rtt=mt&z=10  | ✓ | ⏱: 0.05s 
[2026-06-06 19:41:00.156] [COMPLETE] ● https://yandex.ru/maps/213/moscow/?ll=37.617700,...Роща, 24, Москва~55.661195,37.508398&rtt=mt&z=10  | ✓ | ⏱: 2.64s 
[2026-06-06 19:41:03.221] [FETCH]... ↓ https://yandex.ru/maps/213/moscow/?ll=37.617700,...полье, 6, Москва~55.764323,37.556119&rtt=mt&z=10  | ✓ | ⏱: 2.79s 
[2026-06-06 19:41:03.271] [SCRAPE].. ◆ https://yandex.ru/maps/213/moscow/?ll=37.617700,...полье, 6, Москва~55.764323,37.556119&rtt=mt&z=10  | ✓ | ⏱: 0.05s 
[2026-06-06 19:41:03.333] [COMPLETE] ● https://yandex.ru/maps/213/moscow/?ll=37.617700,...полье, 6, Москва~55.764323,37.556119&rtt=mt&z=10  | ✓ | ⏱: 2.91s 
[2026-06-06 19:41:06.113] [FETCH]... ↓ https://yandex.ru/maps/213/moscow/?ll=37.617700,...полье, 6, Москва~55.661195,37.508398&rtt=mt&z=10  | ✓ | ⏱: 2.50s 
[2026-06-06 19:41:06.163] [SCRAPE].. ◆ https://yandex.ru/maps/213/moscow/?ll=37.617700,...полье, 6, Москва~55.661195,37.508398&rtt=mt&z=10  | ✓ | ⏱: 0.05s 
[2026-06-06 19:41:06.236] [COMPLETE] ● https://yandex.ru/maps/213/moscow/?ll=37.617700,...полье, 6, Москва~55.661195,37.508398&rtt=mt&z=10  | ✓ | ⏱: 2.62s 
[2026-06-06 19:41:09.298] [FETCH]... ↓ https://yandex.ru/maps/213/moscow/?ll=37.617700,...я ул., 4, Москва~55.764323,37.556119&rtt=mt&z=10  | ✓ | ⏱: 2.79s 
[2026-06-06 19:41:09.364] [SCRAPE].. ◆ https://yandex.ru/maps/213/moscow/?ll=37.617700,...я ул., 4, Москва~55.764323,37.556119&rtt=mt&z=10  | ✓ | ⏱: 0.06s 
[2026-06-06 19:41:09.415] [COMPLETE] ● https://yandex.ru/maps/213/moscow/?ll=37.617700,...я ул., 4, Москва~55.764323,37.556119&rtt=mt&z=10  | ✓ | ⏱: 2.91s 
[2026-06-06 19:41:12.506] [FETCH]... ↓ https://yandex.ru/maps/213/moscow/?ll=37.617700,...я ул., 4, Москва~55.661195,37.508398&rtt=mt&z=10  | ✓ | ⏱: 2.81s 
[2026-06-06 19:41:12.545] [SCRAPE].. ◆ https://yandex.ru/maps/213/moscow/?ll=37.617700,...я ул., 4, Москва~55.661195,37.508398&rtt=mt&z=10  | ✓ | ⏱: 0.04s 
[2026-06-06 19:41:12.593] [COMPLETE] ● https://yandex.ru/maps/213/moscow/?ll=37.617700,...я ул., 4, Москва~55.661195,37.508398&rtt=mt&z=10  | ✓ | ⏱: 2.90s 
[2026-06-06 19:41:15.779] [FETCH]... ↓ https://yandex.ru/maps/213/moscow/?ll=37.617700,... ш., 280, Москва~55.764323,37.556119&rtt=mt&z=10  | ✓ | ⏱: 2.91s 
[2026-06-06 19:41:15.843] [SCRAPE].. ◆ https://yandex.ru/maps/213/moscow/?ll=37.617700,... ш., 280, Москва~55.764323,37.556119&rtt=mt&z=10  | ✓ | ⏱: 0.06s 
[2026-06-06 19:41:15.896] [COMPLETE] ● https://yandex.ru/maps/213/moscow/?ll=37.617700,... ш., 280, Москва~55.764323,37.556119&rtt=mt&z=10  | ✓ | ⏱: 3.02s 
[2026-06-06 19:41:19.054] [FETCH]... ↓ https://yandex.ru/maps/213/moscow/?ll=37.617700,... ш., 280, Москва~55.661195,37.508398&rtt=mt&z=10  | ✓ | ⏱: 2.87s 
[2026-06-06 19:41:19.144] [SCRAPE].. ◆ https://yandex.ru/maps/213/moscow/?ll=37.617700,... ш., 280, Москва~55.661195,37.508398&rtt=mt&z=10  | ✓ | ⏱: 0.09s 
[2026-06-06 19:41:19.218] [COMPLETE] ● https://yandex.ru/maps/213/moscow/?ll=37.617700,... ш., 280, Москва~55.661195,37.508398&rtt=mt&z=10  | ✓ | ⏱: 3.04s 
[2026-06-06 19:41:22.267] [FETCH]... ↓ https://yandex.ru/maps/213/moscow/?ll=37.617700,... ш., 228, Москва~55.764323,37.556119&rtt=mt&z=10  | ✓ | ⏱: 2.77s 
[2026-06-06 19:41:22.342] [SCRAPE].. ◆ https://yandex.ru/maps/213/moscow/?ll=37.617700,... ш., 228, Москва~55.764323,37.556119&rtt=mt&z=10  | ✓ | ⏱: 0.07s 
[2026-06-06 19:41:22.433] [COMPLETE] ● https://yandex.ru/maps/213/moscow/?ll=37.617700,... ш., 228, Москва~55.764323,37.556119&rtt=mt&z=10  | ✓ | ⏱: 2.94s 
[2026-06-06 19:41:25.664] [FETCH]... ↓ https://yandex.ru/maps/213/moscow/?ll=37.617700,... ш., 228, Москва~55.661195,37.508398&rtt=mt&z=10  | ✓ | ⏱: 2.96s 
[2026-06-06 19:41:25.720] [SCRAPE].. ◆ https://yandex.ru/maps/213/moscow/?ll=37.617700,... ш., 228, Москва~55.661195,37.508398&rtt=mt&z=10  | ✓ | ⏱: 0.05s 
[2026-06-06 19:41:25.777] [COMPLETE] ● https://yandex.ru/maps/213/moscow/?ll=37.617700,... ш., 228, Москва~55.661195,37.508398&rtt=mt&z=10  | ✓ | ⏱: 3.07s 
[2026-06-06 19:41:28.555] [FETCH]... ↓ https://yandex.ru/maps/213/moscow/?ll=37.617700,...пр-т, 85, Москва~55.764323,37.556119&rtt=mt&z=10  | ✓ | ⏱: 2.50s 
[2026-06-06 19:41:28.614] [SCRAPE].. ◆ https://yandex.ru/maps/213/moscow/?ll=37.617700,...пр-т, 85, Москва~55.764323,37.556119&rtt=mt&z=10  | ✓ | ⏱: 0.06s 
[2026-06-06 19:41:28.684] [COMPLETE] ● https://yandex.ru/maps/213/moscow/?ll=37.617700,...пр-т, 85, Москва~55.764323,37.556119&rtt=mt&z=10  | ✓ | ⏱: 2.63s 
[2026-06-06 19:41:31.406] [FETCH]... ↓ https://yandex.ru/maps/213/moscow/?ll=37.617700,...пр-т, 85, Москва~55.661195,37.508398&rtt=mt&z=10  | ✓ | ⏱: 2.45s 
[2026-06-06 19:41:31.451] [SCRAPE].. ◆ https://yandex.ru/maps/213/moscow/?ll=37.617700,...пр-т, 85, Москва~55.661195,37.508398&rtt=mt&z=10  | ✓ | ⏱: 0.04s 
[2026-06-06 19:41:31.526] [COMPLETE] ● https://yandex.ru/maps/213/moscow/?ll=37.617700,...пр-т, 85, Москва~55.661195,37.508398&rtt=mt&z=10  | ✓ | ⏱: 2.57s 
[2026-06-06 19:41:34.568] [FETCH]... ↓ https://yandex.ru/maps/213/moscow/?ll=37.617700,...е ш., 32, Москва~55.764323,37.556119&rtt=mt&z=10  | ✓ | ⏱: 2.76s 
[2026-06-06 19:41:34.647] [SCRAPE].. ◆ https://yandex.ru/maps/213/moscow/?ll=37.617700,...е ш., 32, Москва~55.764323,37.556119&rtt=mt&z=10  | ✓ | ⏱: 0.07s 
[2026-06-06 19:41:34.744] [COMPLETE] ● https://yandex.ru/maps/213/moscow/?ll=37.617700,...е ш., 32, Москва~55.764323,37.556119&rtt=mt&z=10  | ✓ | ⏱: 2.93s 
[2026-06-06 19:41:37.803] [FETCH]... ↓ https://yandex.ru/maps/213/moscow/?ll=37.617700,...е ш., 32, Москва~55.661195,37.508398&rtt=mt&z=10  | ✓ | ⏱: 2.78s 
[2026-06-06 19:41:37.862] [SCRAPE].. ◆ https://yandex.ru/maps/213/moscow/?ll=37.617700,...е ш., 32, Москва~55.661195,37.508398&rtt=mt&z=10  | ✓ | ⏱: 0.06s 
[2026-06-06 19:41:37.915] [COMPLETE] ● https://yandex.ru/maps/213/moscow/?ll=37.617700,...е ш., 32, Москва~55.661195,37.508398&rtt=mt&z=10  | ✓ | ⏱: 2.89s 
[2026-06-06 19:41:40.934] [FETCH]... ↓ https://yandex.ru/maps/213/moscow/?ll=37.617700,... ул., 41, Москва~55.764323,37.556119&rtt=mt&z=10  | ✓ | ⏱: 2.73s 
[2026-06-06 19:41:40.975] [SCRAPE].. ◆ https://yandex.ru/maps/213/moscow/?ll=37.617700,... ул., 41, Москва~55.764323,37.556119&rtt=mt&z=10  | ✓ | ⏱: 0.04s 
[2026-06-06 19:41:41.040] [COMPLETE] ● https://yandex.ru/maps/213/moscow/?ll=37.617700,... ул., 41, Москва~55.764323,37.556119&rtt=mt&z=10  | ✓ | ⏱: 2.84s 
[2026-06-06 19:41:44.052] [FETCH]... ↓ https://yandex.ru/maps/213/moscow/?ll=37.617700,... ул., 41, Москва~55.661195,37.508398&rtt=mt&z=10  | ✓ | ⏱: 2.73s 
[2026-06-06 19:41:44.111] [SCRAPE].. ◆ https://yandex.ru/maps/213/moscow/?ll=37.617700,... ул., 41, Москва~55.661195,37.508398&rtt=mt&z=10  | ✓ | ⏱: 0.06s 
[2026-06-06 19:41:44.189] [COMPLETE] ● https://yandex.ru/maps/213/moscow/?ll=37.617700,... ул., 41, Москва~55.661195,37.508398&rtt=mt&z=10  | ✓ | ⏱: 2.86s 
[2026-06-06 19:41:47.095] [FETCH]... ↓ https://yandex.ru/maps/213/moscow/?ll=37.617700,... ул., 15, Москва~55.764323,37.556119&rtt=mt&z=10  | ✓ | ⏱: 2.62s 
[2026-06-06 19:41:47.160] [SCRAPE].. ◆ https://yandex.ru/maps/213/moscow/?ll=37.617700,... ул., 15, Москва~55.764323,37.556119&rtt=mt&z=10  | ✓ | ⏱: 0.06s 
[2026-06-06 19:41:47.311] [COMPLETE] ● https://yandex.ru/maps/213/moscow/?ll=37.617700,... ул., 15, Москва~55.764323,37.556119&rtt=mt&z=10  | ✓ | ⏱: 2.83s 
[2026-06-06 19:41:50.523] [FETCH]... ↓ https://yandex.ru/maps/213/moscow/?ll=37.617700,... ул., 15, Москва~55.661195,37.508398&rtt=mt&z=10  | ✓ | ⏱: 2.91s 
[2026-06-06 19:41:50.588] [SCRAPE].. ◆ https://yandex.ru/maps/213/moscow/?ll=37.617700,... ул., 15, Москва~55.661195,37.508398&rtt=mt&z=10  | ✓ | ⏱: 0.06s 
[2026-06-06 19:41:50.641] [COMPLETE] ● https://yandex.ru/maps/213/moscow/?ll=37.617700,... ул., 15, Москва~55.661195,37.508398&rtt=mt&z=10  | ✓ | ⏱: 3.03s 
[2026-06-06 19:41:53.832] [FETCH]... ↓ https://yandex.ru/maps/213/moscow/?ll=37.617700,.... Рузино, Москва~55.764323,37.556119&rtt=mt&z=10  | ✓ | ⏱: 2.92s 
[2026-06-06 19:41:53.886] [SCRAPE].. ◆ https://yandex.ru/maps/213/moscow/?ll=37.617700,.... Рузино, Москва~55.764323,37.556119&rtt=mt&z=10  | ✓ | ⏱: 0.05s 
[2026-06-06 19:41:53.937] [COMPLETE] ● https://yandex.ru/maps/213/moscow/?ll=37.617700,.... Рузино, Москва~55.764323,37.556119&rtt=mt&z=10  | ✓ | ⏱: 3.02s 
[2026-06-06 19:41:57.240] [FETCH]... ↓ https://yandex.ru/maps/213/moscow/?ll=37.617700,.... Рузино, Москва~55.661195,37.508398&rtt=mt&z=10  | ✓ | ⏱: 3.02s 
[2026-06-06 19:41:57.347] [SCRAPE].. ◆ https://yandex.ru/maps/213/moscow/?ll=37.617700,.... Рузино, Москва~55.661195,37.508398&rtt=mt&z=10  | ✓ | ⏱: 0.10s 
[2026-06-06 19:41:57.425] [COMPLETE] ● https://yandex.ru/maps/213/moscow/?ll=37.617700,.... Рузино, Москва~55.661195,37.508398&rtt=mt&z=10  | ✓ | ⏱: 3.20s 
[2026-06-06 19:42:00.209] [FETCH]... ↓ https://yandex.ru/maps/213/moscow/?ll=37.617700,... ул., 58, Москва~55.764323,37.556119&rtt=mt&z=10  | ✓ | ⏱: 2.50s 
[2026-06-06 19:42:00.259] [SCRAPE].. ◆ https://yandex.ru/maps/213/moscow/?ll=37.617700,... ул., 58, Москва~55.764323,37.556119&rtt=mt&z=10  | ✓ | ⏱: 0.05s 
[2026-06-06 19:42:00.337] [COMPLETE] ● https://yandex.ru/maps/213/moscow/?ll=37.617700,... ул., 58, Москва~55.764323,37.556119&rtt=mt&z=10  | ✓ | ⏱: 2.63s 
[2026-06-06 19:42:03.822] [FETCH]... ↓ https://yandex.ru/maps/213/moscow/?ll=37.617700,... ул., 58, Москва~55.661195,37.508398&rtt=mt&z=10  | ✓ | ⏱: 3.19s 
[2026-06-06 19:42:03.888] [SCRAPE].. ◆ https://yandex.ru/maps/213/moscow/?ll=37.617700,... ул., 58, Москва~55.661195,37.508398&rtt=mt&z=10  | ✓ | ⏱: 0.06s 
[2026-06-06 19:42:03.962] [COMPLETE] ● https://yandex.ru/maps/213/moscow/?ll=37.617700,... ул., 58, Москва~55.661195,37.508398&rtt=mt&z=10  | ✓ | ⏱: 3.34s 
[2026-06-06 19:42:06.866] [FETCH]... ↓ https://yandex.ru/maps/213/moscow/?ll=37.617700,... ул., 45, Москва~55.764323,37.556119&rtt=mt&z=10  | ✓ | ⏱: 2.59s 
[2026-06-06 19:42:06.914] [SCRAPE].. ◆ https://yandex.ru/maps/213/moscow/?ll=37.617700,... ул., 45, Москва~55.764323,37.556119&rtt=mt&z=10  | ✓ | ⏱: 0.04s 
[2026-06-06 19:42:06.967] [COMPLETE] ● https://yandex.ru/maps/213/moscow/?ll=37.617700,... ул., 45, Москва~55.764323,37.556119&rtt=mt&z=10  | ✓ | ⏱: 2.71s 
[2026-06-06 19:42:10.214] [FETCH]... ↓ https://yandex.ru/maps/213/moscow/?ll=37.617700,... ул., 45, Москва~55.661195,37.508398&rtt=mt&z=10  | ✓ | ⏱: 2.97s 
[2026-06-06 19:42:10.269] [SCRAPE].. ◆ https://yandex.ru/maps/213/moscow/?ll=37.617700,... ул., 45, Москва~55.661195,37.508398&rtt=mt&z=10  | ✓ | ⏱: 0.05s 
[2026-06-06 19:42:10.329] [COMPLETE] ● https://yandex.ru/maps/213/moscow/?ll=37.617700,... ул., 45, Москва~55.661195,37.508398&rtt=mt&z=10  | ✓ | ⏱: 3.08s 
[2026-06-06 19:42:13.576] [FETCH]... ↓ https://yandex.ru/maps/213/moscow/?ll=37.617700,...я ул., 4, Москва~55.764323,37.556119&rtt=mt&z=10  | ✓ | ⏱: 2.97s 
[2026-06-06 19:42:13.625] [SCRAPE].. ◆ https://yandex.ru/maps/213/moscow/?ll=37.617700,...я ул., 4, Москва~55.764323,37.556119&rtt=mt&z=10  | ✓ | ⏱: 0.04s 
[2026-06-06 19:42:13.672] [COMPLETE] ● https://yandex.ru/maps/213/moscow/?ll=37.617700,...я ул., 4, Москва~55.764323,37.556119&rtt=mt&z=10  | ✓ | ⏱: 3.07s 
[2026-06-06 19:42:17.288] [FETCH]... ↓ https://yandex.ru/maps/213/moscow/?ll=37.617700,...я ул., 4, Москва~55.661195,37.508398&rtt=mt&z=10  | ✓ | ⏱: 3.34s 
[2026-06-06 19:42:17.411] [SCRAPE].. ◆ https://yandex.ru/maps/213/moscow/?ll=37.617700,...я ул., 4, Москва~55.661195,37.508398&rtt=mt&z=10  | ✓ | ⏱: 0.11s 
[2026-06-06 19:42:17.546] [COMPLETE] ● https://yandex.ru/maps/213/moscow/?ll=37.617700,...я ул., 4, Москва~55.661195,37.508398&rtt=mt&z=10  | ✓ | ⏱: 3.60s 
[2026-06-06 23:45:18.374] [INIT].... → Crawl4AI 0.8.7 
[2026-06-06 23:45:22.287] [FETCH]... ↓ https://yandex.ru/maps/213/moscow/?ll=37.617700,... б-р, 12, Москва~55.764323,37.556119&rtt=mt&z=10  | ✓ | ⏱: 3.86s 
[2026-06-06 23:45:22.343] [SCRAPE].. ◆ https://yandex.ru/maps/213/moscow/?ll=37.617700,... б-р, 12, Москва~55.764323,37.556119&rtt=mt&z=10  | ✓ | ⏱: 0.05s 
[2026-06-06 23:45:22.395] [COMPLETE] ● https://yandex.ru/maps/213/moscow/?ll=37.617700,... б-р, 12, Москва~55.764323,37.556119&rtt=mt&z=10  | ✓ | ⏱: 3.97s 
[2026-06-06 23:45:25.502] [FETCH]... ↓ https://yandex.ru/maps/213/moscow/?ll=37.617700,... б-р, 12, Москва~55.661195,37.508398&rtt=mt&z=10  | ✓ | ⏱: 2.83s 
[2026-06-06 23:45:25.546] [SCRAPE].. ◆ https://yandex.ru/maps/213/moscow/?ll=37.617700,... б-р, 12, Москва~55.661195,37.508398&rtt=mt&z=10  | ✓ | ⏱: 0.04s 
[2026-06-06 23:45:25.597] [COMPLETE] ● https://yandex.ru/maps/213/moscow/?ll=37.617700,... б-р, 12, Москва~55.661195,37.508398&rtt=mt&z=10  | ✓ | ⏱: 2.92s 
[2026-06-06 23:45:28.742] [FETCH]... ↓ https://yandex.ru/maps/213/moscow/?ll=37.617700,...я ул., 4, Москва~55.764323,37.556119&rtt=mt&z=10  | ✓ | ⏱: 2.86s 
[2026-06-06 23:45:28.803] [SCRAPE].. ◆ https://yandex.ru/maps/213/moscow/?ll=37.617700,...я ул., 4, Москва~55.764323,37.556119&rtt=mt&z=10  | ✓ | ⏱: 0.06s 
[2026-06-06 23:45:28.854] [COMPLETE] ● https://yandex.ru/maps/213/moscow/?ll=37.617700,...я ул., 4, Москва~55.764323,37.556119&rtt=mt&z=10  | ✓ | ⏱: 2.98s 
[2026-06-06 23:45:31.949] [FETCH]... ↓ https://yandex.ru/maps/213/moscow/?ll=37.617700,...я ул., 4, Москва~55.661195,37.508398&rtt=mt&z=10  | ✓ | ⏱: 2.80s 
[2026-06-06 23:45:32.011] [SCRAPE].. ◆ https://yandex.ru/maps/213/moscow/?ll=37.617700,...я ул., 4, Москва~55.661195,37.508398&rtt=mt&z=10  | ✓ | ⏱: 0.06s 
[2026-06-06 23:45:32.078] [COMPLETE] ● https://yandex.ru/maps/213/moscow/?ll=37.617700,...я ул., 4, Москва~55.661195,37.508398&rtt=mt&z=10  | ✓ | ⏱: 2.93s 
[2026-06-06 23:45:35.003] [FETCH]... ↓ https://yandex.ru/maps/213/moscow/?ll=37.617700,... ул., 23, Москва~55.764323,37.556119&rtt=mt&z=10  | ✓ | ⏱: 2.64s 
[2026-06-06 23:45:35.081] [SCRAPE].. ◆ https://yandex.ru/maps/213/moscow/?ll=37.617700,... ул., 23, Москва~55.764323,37.556119&rtt=mt&z=10  | ✓ | ⏱: 0.08s 
[2026-06-06 23:45:35.165] [COMPLETE] ● https://yandex.ru/maps/213/moscow/?ll=37.617700,... ул., 23, Москва~55.764323,37.556119&rtt=mt&z=10  | ✓ | ⏱: 2.80s 
[2026-06-06 23:45:38.060] [FETCH]... ↓ https://yandex.ru/maps/213/moscow/?ll=37.617700,... ул., 23, Москва~55.661195,37.508398&rtt=mt&z=10  | ✓ | ⏱: 2.62s 
[2026-06-06 23:45:38.136] [SCRAPE].. ◆ https://yandex.ru/maps/213/moscow/?ll=37.617700,... ул., 23, Москва~55.661195,37.508398&rtt=mt&z=10  | ✓ | ⏱: 0.07s 
[2026-06-06 23:45:38.202] [COMPLETE] ● https://yandex.ru/maps/213/moscow/?ll=37.617700,... ул., 23, Москва~55.661195,37.508398&rtt=mt&z=10  | ✓ | ⏱: 2.76s 
[2026-06-06 23:45:41.186] [FETCH]... ↓ https://yandex.ru/maps/213/moscow/?ll=37.617700,...Роща, 24, Москва~55.764323,37.556119&rtt=mt&z=10  | ✓ | ⏱: 2.70s 
[2026-06-06 23:45:41.255] [SCRAPE].. ◆ https://yandex.ru/maps/213/moscow/?ll=37.617700,...Роща, 24, Москва~55.764323,37.556119&rtt=mt&z=10  | ✓ | ⏱: 0.07s 
[2026-06-06 23:45:41.317] [COMPLETE] ● https://yandex.ru/maps/213/moscow/?ll=37.617700,...Роща, 24, Москва~55.764323,37.556119&rtt=mt&z=10  | ✓ | ⏱: 2.84s 
[2026-06-06 23:45:44.134] [FETCH]... ↓ https://yandex.ru/maps/213/moscow/?ll=37.617700,...Роща, 24, Москва~55.661195,37.508398&rtt=mt&z=10  | ✓ | ⏱: 2.54s 
[2026-06-06 23:45:44.194] [SCRAPE].. ◆ https://yandex.ru/maps/213/moscow/?ll=37.617700,...Роща, 24, Москва~55.661195,37.508398&rtt=mt&z=10  | ✓ | ⏱: 0.06s 
[2026-06-06 23:45:44.262] [COMPLETE] ● https://yandex.ru/maps/213/moscow/?ll=37.617700,...Роща, 24, Москва~55.661195,37.508398&rtt=mt&z=10  | ✓ | ⏱: 2.67s 
[2026-06-06 23:45:47.206] [FETCH]... ↓ https://yandex.ru/maps/213/moscow/?ll=37.617700,...полье, 6, Москва~55.764323,37.556119&rtt=mt&z=10  | ✓ | ⏱: 2.65s 
[2026-06-06 23:45:47.256] [SCRAPE].. ◆ https://yandex.ru/maps/213/moscow/?ll=37.617700,...полье, 6, Москва~55.764323,37.556119&rtt=mt&z=10  | ✓ | ⏱: 0.05s 
[2026-06-06 23:45:47.312] [COMPLETE] ● https://yandex.ru/maps/213/moscow/?ll=37.617700,...полье, 6, Москва~55.764323,37.556119&rtt=mt&z=10  | ✓ | ⏱: 2.76s 
[2026-06-06 23:45:50.267] [FETCH]... ↓ https://yandex.ru/maps/213/moscow/?ll=37.617700,...полье, 6, Москва~55.661195,37.508398&rtt=mt&z=10  | ✓ | ⏱: 2.68s 
[2026-06-06 23:45:50.313] [SCRAPE].. ◆ https://yandex.ru/maps/213/moscow/?ll=37.617700,...полье, 6, Москва~55.661195,37.508398&rtt=mt&z=10  | ✓ | ⏱: 0.04s 
[2026-06-06 23:45:50.368] [COMPLETE] ● https://yandex.ru/maps/213/moscow/?ll=37.617700,...полье, 6, Москва~55.661195,37.508398&rtt=mt&z=10  | ✓ | ⏱: 2.78s 
[2026-06-06 23:45:53.379] [FETCH]... ↓ https://yandex.ru/maps/213/moscow/?ll=37.617700,...я ул., 4, Москва~55.764323,37.556119&rtt=mt&z=10  | ✓ | ⏱: 2.73s 
[2026-06-06 23:45:53.430] [SCRAPE].. ◆ https://yandex.ru/maps/213/moscow/?ll=37.617700,...я ул., 4, Москва~55.764323,37.556119&rtt=mt&z=10  | ✓ | ⏱: 0.05s 
[2026-06-06 23:45:53.479] [COMPLETE] ● https://yandex.ru/maps/213/moscow/?ll=37.617700,...я ул., 4, Москва~55.764323,37.556119&rtt=mt&z=10  | ✓ | ⏱: 2.84s 
[2026-06-06 23:45:56.480] [FETCH]... ↓ https://yandex.ru/maps/213/moscow/?ll=37.617700,...я ул., 4, Москва~55.661195,37.508398&rtt=mt&z=10  | ✓ | ⏱: 2.72s 
[2026-06-06 23:45:56.526] [SCRAPE].. ◆ https://yandex.ru/maps/213/moscow/?ll=37.617700,...я ул., 4, Москва~55.661195,37.508398&rtt=mt&z=10  | ✓ | ⏱: 0.04s 
[2026-06-06 23:45:56.575] [COMPLETE] ● https://yandex.ru/maps/213/moscow/?ll=37.617700,...я ул., 4, Москва~55.661195,37.508398&rtt=mt&z=10  | ✓ | ⏱: 2.81s 
[2026-06-06 23:46:00.170] [FETCH]... ↓ https://yandex.ru/maps/213/moscow/?ll=37.617700,... ш., 280, Москва~55.764323,37.556119&rtt=mt&z=10  | ✓ | ⏱: 3.30s 
[2026-06-06 23:46:00.253] [SCRAPE].. ◆ https://yandex.ru/maps/213/moscow/?ll=37.617700,... ш., 280, Москва~55.764323,37.556119&rtt=mt&z=10  | ✓ | ⏱: 0.08s 
[2026-06-06 23:46:00.331] [COMPLETE] ● https://yandex.ru/maps/213/moscow/?ll=37.617700,... ш., 280, Москва~55.764323,37.556119&rtt=mt&z=10  | ✓ | ⏱: 3.46s 
[2026-06-06 23:46:03.381] [FETCH]... ↓ https://yandex.ru/maps/213/moscow/?ll=37.617700,... ш., 280, Москва~55.661195,37.508398&rtt=mt&z=10  | ✓ | ⏱: 2.77s 
[2026-06-06 23:46:03.451] [SCRAPE].. ◆ https://yandex.ru/maps/213/moscow/?ll=37.617700,... ш., 280, Москва~55.661195,37.508398&rtt=mt&z=10  | ✓ | ⏱: 0.07s 
[2026-06-06 23:46:03.504] [COMPLETE] ● https://yandex.ru/maps/213/moscow/?ll=37.617700,... ш., 280, Москва~55.661195,37.508398&rtt=mt&z=10  | ✓ | ⏱: 2.90s 
[2026-06-06 23:46:06.419] [FETCH]... ↓ https://yandex.ru/maps/213/moscow/?ll=37.617700,... ш., 228, Москва~55.764323,37.556119&rtt=mt&z=10  | ✓ | ⏱: 2.63s 
[2026-06-06 23:46:06.458] [SCRAPE].. ◆ https://yandex.ru/maps/213/moscow/?ll=37.617700,... ш., 228, Москва~55.764323,37.556119&rtt=mt&z=10  | ✓ | ⏱: 0.04s 
[2026-06-06 23:46:06.507] [COMPLETE] ● https://yandex.ru/maps/213/moscow/?ll=37.617700,... ш., 228, Москва~55.764323,37.556119&rtt=mt&z=10  | ✓ | ⏱: 2.72s 
[2026-06-06 23:46:09.548] [FETCH]... ↓ https://yandex.ru/maps/213/moscow/?ll=37.617700,... ш., 228, Москва~55.661195,37.508398&rtt=mt&z=10  | ✓ | ⏱: 2.77s 
[2026-06-06 23:46:09.602] [SCRAPE].. ◆ https://yandex.ru/maps/213/moscow/?ll=37.617700,... ш., 228, Москва~55.661195,37.508398&rtt=mt&z=10  | ✓ | ⏱: 0.05s 
[2026-06-06 23:46:09.653] [COMPLETE] ● https://yandex.ru/maps/213/moscow/?ll=37.617700,... ш., 228, Москва~55.661195,37.508398&rtt=mt&z=10  | ✓ | ⏱: 2.88s 
[2026-06-06 23:46:12.642] [FETCH]... ↓ https://yandex.ru/maps/213/moscow/?ll=37.617700,...пр-т, 85, Москва~55.764323,37.556119&rtt=mt&z=10  | ✓ | ⏱: 2.71s 
[2026-06-06 23:46:12.678] [SCRAPE].. ◆ https://yandex.ru/maps/213/moscow/?ll=37.617700,...пр-т, 85, Москва~55.764323,37.556119&rtt=mt&z=10  | ✓ | ⏱: 0.03s 
[2026-06-06 23:46:12.728] [COMPLETE] ● https://yandex.ru/maps/213/moscow/?ll=37.617700,...пр-т, 85, Москва~55.764323,37.556119&rtt=mt&z=10  | ✓ | ⏱: 2.80s 
[2026-06-06 23:46:15.450] [FETCH]... ↓ https://yandex.ru/maps/213/moscow/?ll=37.617700,...пр-т, 85, Москва~55.661195,37.508398&rtt=mt&z=10  | ✓ | ⏱: 2.44s 
[2026-06-06 23:46:15.500] [SCRAPE].. ◆ https://yandex.ru/maps/213/moscow/?ll=37.617700,...пр-т, 85, Москва~55.661195,37.508398&rtt=mt&z=10  | ✓ | ⏱: 0.05s 
[2026-06-06 23:46:15.561] [COMPLETE] ● https://yandex.ru/maps/213/moscow/?ll=37.617700,...пр-т, 85, Москва~55.661195,37.508398&rtt=mt&z=10  | ✓ | ⏱: 2.55s 
[2026-06-06 23:46:18.567] [FETCH]... ↓ https://yandex.ru/maps/213/moscow/?ll=37.617700,...е ш., 32, Москва~55.764323,37.556119&rtt=mt&z=10  | ✓ | ⏱: 2.73s 
[2026-06-06 23:46:18.622] [SCRAPE].. ◆ https://yandex.ru/maps/213/moscow/?ll=37.617700,...е ш., 32, Москва~55.764323,37.556119&rtt=mt&z=10  | ✓ | ⏱: 0.05s 
[2026-06-06 23:46:18.676] [COMPLETE] ● https://yandex.ru/maps/213/moscow/?ll=37.617700,...е ш., 32, Москва~55.764323,37.556119&rtt=mt&z=10  | ✓ | ⏱: 2.84s 
[2026-06-06 23:46:21.676] [FETCH]... ↓ https://yandex.ru/maps/213/moscow/?ll=37.617700,...е ш., 32, Москва~55.661195,37.508398&rtt=mt&z=10  | ✓ | ⏱: 2.72s 
[2026-06-06 23:46:21.731] [SCRAPE].. ◆ https://yandex.ru/maps/213/moscow/?ll=37.617700,...е ш., 32, Москва~55.661195,37.508398&rtt=mt&z=10  | ✓ | ⏱: 0.05s 
[2026-06-06 23:46:21.784] [COMPLETE] ● https://yandex.ru/maps/213/moscow/?ll=37.617700,...е ш., 32, Москва~55.661195,37.508398&rtt=mt&z=10  | ✓ | ⏱: 2.83s 
[2026-06-06 23:46:25.345] [FETCH]... ↓ https://yandex.ru/maps/213/moscow/?ll=37.617700,... ул., 41, Москва~55.764323,37.556119&rtt=mt&z=10  | ✓ | ⏱: 3.26s 
[2026-06-06 23:46:25.390] [SCRAPE].. ◆ https://yandex.ru/maps/213/moscow/?ll=37.617700,... ул., 41, Москва~55.764323,37.556119&rtt=mt&z=10  | ✓ | ⏱: 0.04s 
[2026-06-06 23:46:25.439] [COMPLETE] ● https://yandex.ru/maps/213/moscow/?ll=37.617700,... ул., 41, Москва~55.764323,37.556119&rtt=mt&z=10  | ✓ | ⏱: 3.36s 
[2026-06-06 23:46:28.361] [FETCH]... ↓ https://yandex.ru/maps/213/moscow/?ll=37.617700,... ул., 41, Москва~55.661195,37.508398&rtt=mt&z=10  | ✓ | ⏱: 2.64s 
[2026-06-06 23:46:28.408] [SCRAPE].. ◆ https://yandex.ru/maps/213/moscow/?ll=37.617700,... ул., 41, Москва~55.661195,37.508398&rtt=mt&z=10  | ✓ | ⏱: 0.04s 
[2026-06-06 23:46:28.456] [COMPLETE] ● https://yandex.ru/maps/213/moscow/?ll=37.617700,... ул., 41, Москва~55.661195,37.508398&rtt=mt&z=10  | ✓ | ⏱: 2.74s 
[2026-06-06 23:46:31.273] [FETCH]... ↓ https://yandex.ru/maps/213/moscow/?ll=37.617700,... ул., 15, Москва~55.764323,37.556119&rtt=mt&z=10  | ✓ | ⏱: 2.53s 
[2026-06-06 23:46:31.318] [SCRAPE].. ◆ https://yandex.ru/maps/213/moscow/?ll=37.617700,... ул., 15, Москва~55.764323,37.556119&rtt=mt&z=10  | ✓ | ⏱: 0.04s 
[2026-06-06 23:46:31.418] [COMPLETE] ● https://yandex.ru/maps/213/moscow/?ll=37.617700,... ул., 15, Москва~55.764323,37.556119&rtt=mt&z=10  | ✓ | ⏱: 2.68s 
[2026-06-06 23:46:34.497] [FETCH]... ↓ https://yandex.ru/maps/213/moscow/?ll=37.617700,... ул., 15, Москва~55.661195,37.508398&rtt=mt&z=10  | ✓ | ⏱: 2.80s 
[2026-06-06 23:46:34.577] [SCRAPE].. ◆ https://yandex.ru/maps/213/moscow/?ll=37.617700,... ул., 15, Москва~55.661195,37.508398&rtt=mt&z=10  | ✓ | ⏱: 0.08s 
[2026-06-06 23:46:34.677] [COMPLETE] ● https://yandex.ru/maps/213/moscow/?ll=37.617700,... ул., 15, Москва~55.661195,37.508398&rtt=mt&z=10  | ✓ | ⏱: 2.98s 
[2026-06-06 23:46:38.120] [FETCH]... ↓ https://yandex.ru/maps/213/moscow/?ll=37.617700,.... Рузино, Москва~55.764323,37.556119&rtt=mt&z=10  | ✓ | ⏱: 3.14s 
[2026-06-06 23:46:38.188] [SCRAPE].. ◆ https://yandex.ru/maps/213/moscow/?ll=37.617700,.... Рузино, Москва~55.764323,37.556119&rtt=mt&z=10  | ✓ | ⏱: 0.07s 
[2026-06-06 23:46:38.284] [COMPLETE] ● https://yandex.ru/maps/213/moscow/?ll=37.617700,.... Рузино, Москва~55.764323,37.556119&rtt=mt&z=10  | ✓ | ⏱: 3.27s 
[2026-06-06 23:46:41.612] [FETCH]... ↓ https://yandex.ru/maps/213/moscow/?ll=37.617700,.... Рузино, Москва~55.661195,37.508398&rtt=mt&z=10  | ✓ | ⏱: 3.04s 
[2026-06-06 23:46:41.705] [SCRAPE].. ◆ https://yandex.ru/maps/213/moscow/?ll=37.617700,.... Рузино, Москва~55.661195,37.508398&rtt=mt&z=10  | ✓ | ⏱: 0.09s 
[2026-06-06 23:46:41.768] [COMPLETE] ● https://yandex.ru/maps/213/moscow/?ll=37.617700,.... Рузино, Москва~55.661195,37.508398&rtt=mt&z=10  | ✓ | ⏱: 3.20s 
[2026-06-06 23:46:44.638] [FETCH]... ↓ https://yandex.ru/maps/213/moscow/?ll=37.617700,... ул., 58, Москва~55.764323,37.556119&rtt=mt&z=10  | ✓ | ⏱: 2.59s 
[2026-06-06 23:46:44.686] [SCRAPE].. ◆ https://yandex.ru/maps/213/moscow/?ll=37.617700,... ул., 58, Москва~55.764323,37.556119&rtt=mt&z=10  | ✓ | ⏱: 0.05s 
[2026-06-06 23:46:44.750] [COMPLETE] ● https://yandex.ru/maps/213/moscow/?ll=37.617700,... ул., 58, Москва~55.764323,37.556119&rtt=mt&z=10  | ✓ | ⏱: 2.70s 
[2026-06-06 23:46:47.836] [FETCH]... ↓ https://yandex.ru/maps/213/moscow/?ll=37.617700,... ул., 58, Москва~55.661195,37.508398&rtt=mt&z=10  | ✓ | ⏱: 2.80s 
[2026-06-06 23:46:47.903] [SCRAPE].. ◆ https://yandex.ru/maps/213/moscow/?ll=37.617700,... ул., 58, Москва~55.661195,37.508398&rtt=mt&z=10  | ✓ | ⏱: 0.06s 
[2026-06-06 23:46:47.971] [COMPLETE] ● https://yandex.ru/maps/213/moscow/?ll=37.617700,... ул., 58, Москва~55.661195,37.508398&rtt=mt&z=10  | ✓ | ⏱: 2.93s 
[2026-06-06 23:46:50.939] [FETCH]... ↓ https://yandex.ru/maps/213/moscow/?ll=37.617700,... ул., 45, Москва~55.764323,37.556119&rtt=mt&z=10  | ✓ | ⏱: 2.68s 
[2026-06-06 23:46:50.983] [SCRAPE].. ◆ https://yandex.ru/maps/213/moscow/?ll=37.617700,... ул., 45, Москва~55.764323,37.556119&rtt=mt&z=10  | ✓ | ⏱: 0.04s 
[2026-06-06 23:46:51.034] [COMPLETE] ● https://yandex.ru/maps/213/moscow/?ll=37.617700,... ул., 45, Москва~55.764323,37.556119&rtt=mt&z=10  | ✓ | ⏱: 2.78s 
[2026-06-06 23:46:54.077] [FETCH]... ↓ https://yandex.ru/maps/213/moscow/?ll=37.617700,... ул., 45, Москва~55.661195,37.508398&rtt=mt&z=10  | ✓ | ⏱: 2.76s 
[2026-06-06 23:46:54.127] [SCRAPE].. ◆ https://yandex.ru/maps/213/moscow/?ll=37.617700,... ул., 45, Москва~55.661195,37.508398&rtt=mt&z=10  | ✓ | ⏱: 0.05s 
[2026-06-06 23:46:54.176] [COMPLETE] ● https://yandex.ru/maps/213/moscow/?ll=37.617700,... ул., 45, Москва~55.661195,37.508398&rtt=mt&z=10  | ✓ | ⏱: 2.86s 
[2026-06-06 23:46:57.469] [FETCH]... ↓ https://yandex.ru/maps/213/moscow/?ll=37.617700,...я ул., 4, Москва~55.764323,37.556119&rtt=mt&z=10  | ✓ | ⏱: 3.02s 
[2026-06-06 23:46:57.539] [SCRAPE].. ◆ https://yandex.ru/maps/213/moscow/?ll=37.617700,...я ул., 4, Москва~55.764323,37.556119&rtt=mt&z=10  | ✓ | ⏱: 0.07s 
[2026-06-06 23:46:57.684] [COMPLETE] ● https://yandex.ru/maps/213/moscow/?ll=37.617700,...я ул., 4, Москва~55.764323,37.556119&rtt=mt&z=10  | ✓ | ⏱: 3.21s 
[2026-06-06 23:47:00.993] [FETCH]... ↓ https://yandex.ru/maps/213/moscow/?ll=37.617700,...я ул., 4, Москва~55.661195,37.508398&rtt=mt&z=10  | ✓ | ⏱: 2.98s 
[2026-06-06 23:47:01.065] [SCRAPE].. ◆ https://yandex.ru/maps/213/moscow/?ll=37.617700,...я ул., 4, Москва~55.661195,37.508398&rtt=mt&z=10  | ✓ | ⏱: 0.07s 
[2026-06-06 23:47:01.120] [COMPLETE] ● https://yandex.ru/maps/213/moscow/?ll=37.617700,...я ул., 4, Москва~55.661195,37.508398&rtt=mt&z=10  | ✓ | ⏱: 3.12s 
